// Jest Snapshot v1, https://goo.gl/fbAQLP

exports[`Footer renders correctly 1`] = `
<DocumentFragment>
  <div
    class="footer"
    data-testid="footer-id"
  >
    Sofia Dionisio, Manchester Codes 2020
  </div>
</DocumentFragment>
`;
