// Jest Snapshot v1, https://goo.gl/fbAQLP

exports[`Homepage renders correctly 1`] = `
<DocumentFragment>
  <div
    class="homepage"
  >
    <div
      class="homepage-contents"
    >
      <h3>
        Welcome to Surreal Estate
      </h3>
      <p>
        Search properties to rent in the UK or list your own and make them available.
      </p>
      <p>
        Login with Facebook and save your favourites.
      </p>
      <p>
        Navigate through the navbar to find the best option for you.
      </p>
    </div>
  </div>
</DocumentFragment>
`;
